// Jest Snapshot v1, https://goo.gl/fbAQLP

exports[`K9BucketPolicy 1`] = `
Object {
  "Resources": Object {
    "S3BucketPolicy189C1E8E": Object {
      "Properties": Object {
        "Bucket": Object {
          "Ref": "TestBucket560B80BC",
        },
        "PolicyDocument": Object {
          "Statement": Array [
            Object {
              "Action": Array [
                "s3:BypassGovernanceRetention",
                "s3:DeleteBucketPolicy",
                "s3:DeleteBucketWebsite",
                "s3:PutAccelerateConfiguration",
                "s3:PutAnalyticsConfiguration",
                "s3:PutBucketAcl",
                "s3:PutBucketCORS",
                "s3:PutBucketLogging",
                "s3:PutBucketNotification",
                "s3:PutBucketObjectLockConfiguration",
                "s3:PutBucketPolicy",
                "s3:PutBucketPublicAccessBlock",
                "s3:PutBucketRequestPayment",
                "s3:PutBucketTagging",
                "s3:PutBucketVersioning",
                "s3:PutBucketWebsite",
                "s3:PutEncryptionConfiguration",
                "s3:PutInventoryConfiguration",
                "s3:PutLifecycleConfiguration",
                "s3:PutMetricsConfiguration",
                "s3:PutObjectAcl",
                "s3:PutObjectLegalHold",
                "s3:PutObjectRetention",
                "s3:PutObjectVersionAcl",
                "s3:PutReplicationConfiguration",
              ],
              "Condition": Object {
                "ArnEquals": Object {
                  "aws:PrincipalArn": Array [
                    "arn:aws:iam::139710491120:user/ci",
                  ],
                },
              },
              "Effect": "Allow",
              "Principal": "*",
              "Resource": "*",
              "Sid": "Restricted-administer-resource",
            },
            Object {
              "Action": Array [
                "s3:GetBucketAcl",
                "s3:GetBucketCORS",
                "s3:GetBucketLocation",
                "s3:GetBucketLogging",
                "s3:GetBucketNotification",
                "s3:GetBucketObjectLockConfiguration",
                "s3:GetBucketPolicy",
                "s3:GetBucketPolicyStatus",
                "s3:GetBucketPublicAccessBlock",
                "s3:GetBucketRequestPayment",
                "s3:GetBucketTagging",
                "s3:GetBucketVersioning",
                "s3:GetBucketWebsite",
                "s3:GetEncryptionConfiguration",
                "s3:GetInventoryConfiguration",
                "s3:GetLifecycleConfiguration",
                "s3:GetMetricsConfiguration",
                "s3:GetObject",
                "s3:GetObjectAcl",
                "s3:GetObjectLegalHold",
                "s3:GetObjectRetention",
                "s3:GetObjectTagging",
                "s3:GetObjectTorrent",
                "s3:GetObjectVersion",
                "s3:GetObjectVersionAcl",
                "s3:GetObjectVersionForReplication",
                "s3:GetObjectVersionTagging",
                "s3:GetObjectVersionTorrent",
                "s3:ListBucket",
                "s3:ListBucketMultipartUploads",
                "s3:ListBucketVersions",
                "s3:ListMultipartUploadParts",
              ],
              "Condition": Object {
                "ArnEquals": Object {
                  "aws:PrincipalArn": Array [
                    "arn:aws:iam::12345678910:role/app-backend",
                    "arn:aws:iam::12345678910:role/customer-service",
                  ],
                },
              },
              "Effect": "Allow",
              "Principal": "*",
              "Resource": "*",
              "Sid": "Restricted-read-data",
            },
            Object {
              "Action": Array [
                "s3:AbortMultipartUpload",
                "s3:PutBucketTagging",
                "s3:PutObject",
                "s3:PutObjectTagging",
                "s3:PutObjectVersionTagging",
                "s3:ReplicateDelete",
                "s3:ReplicateObject",
                "s3:ReplicateTags",
                "s3:RestoreObject",
              ],
              "Condition": Object {
                "ArnEquals": Object {
                  "aws:PrincipalArn": Array [
                    "arn:aws:iam::12345678910:role/app-backend",
                  ],
                },
              },
              "Effect": "Allow",
              "Principal": "*",
              "Resource": "*",
              "Sid": "Restricted-write-data",
            },
            Object {
              "Action": Array [
                "s3:DeleteObject",
                "s3:DeleteObjectTagging",
                "s3:DeleteObjectVersion",
                "s3:DeleteObjectVersionTagging",
              ],
              "Condition": Object {
                "ArnEquals": Object {
                  "aws:PrincipalArn": Array [],
                },
              },
              "Effect": "Allow",
              "Principal": "*",
              "Resource": "*",
              "Sid": "Restricted-delete-data",
            },
            Object {
              "Action": "*",
              "Condition": Object {
                "Bool": Object {
                  "aws:SecureTransport": false,
                },
              },
              "Effect": "Deny",
              "Principal": "*",
              "Resource": Object {
                "Fn::Join": Array [
                  "",
                  Array [
                    Object {
                      "Fn::GetAtt": Array [
                        "TestBucket560B80BC",
                        "Arn",
                      ],
                    },
                    "/*",
                  ],
                ],
              },
            },
          ],
          "Version": "2012-10-17",
        },
      },
      "Type": "AWS::S3::BucketPolicy",
    },
    "TestBucket560B80BC": Object {
      "DeletionPolicy": "Retain",
      "Type": "AWS::S3::Bucket",
      "UpdateReplacePolicy": "Retain",
    },
  },
}
`;
